stdout of test 'simple_select` in directory 'sql/test/concurrent` itself:


# 11:26:56 >  
# 11:26:56 >   mserver5 "--config=/ufs/niels/scratch/rc/Linux-x86_64/etc/monetdb5.conf" --debug=10 --set gdk_nr_threads=0 --set "monet_mod_path=/ufs/niels/scratch/rc/Linux-x86_64/lib/MonetDB5:/ufs/niels/scratch/rc/Linux-x86_64/lib/MonetDB5/lib:/ufs/niels/scratch/rc/Linux-x86_64/lib/MonetDB5/bin" --set "gdk_dbfarm=/ufs/niels/scratch/rc/Linux-x86_64/var/MonetDB5/dbfarm"    --set mapi_open=true --set xrpc_open=true --set mapi_port=34064 --set xrpc_port=46586 --set monet_prompt= --trace  "--dbname=mTests_src_test_concurrent" --set mal_listing=0 "--dbinit= include sql;" ; echo ; echo Over..
# 11:26:56 >  


# 17:23:22 >  
# 17:23:22 >  "Done."
# 17:23:22 >  

