stdout of test 'copy-into.Bug-3481` in directory 'sql/test/BugTracker-2014` itself:


# 15:05:54 >  
# 15:05:54 >  "mserver5" "--debug=10" "--set" "gdk_nr_threads=0" "--set" "mapi_open=true" "--set" "mapi_port=33748" "--set" "mapi_usock=/var/tmp/mtest-26163/.s.monetdb.33748" "--set" "monet_prompt=" "--forcemito" "--set" "mal_listing=2" "--dbpath=/export/scratch2/hannes/monetdb-default-install/var/MonetDB/mTests_sql_test_BugTracker-2014" "--set" "mal_listing=0"
# 15:05:54 >  


# 09:15:20 >  
# 09:15:20 >  "Done."
# 09:15:20 >  

