stdout of test 'utf8bom.Bug-3436` in directory 'sql/test/BugTracker-2014` itself:


# 16:38:43 >  
# 16:38:43 >  "mserver5" "--debug=10" "--set" "gdk_nr_threads=0" "--set" "mapi_open=true" "--set" "mapi_port=31135" "--set" "mapi_usock=/var/tmp/mtest-23480/.s.monetdb.31135" "--set" "monet_prompt=" "--forcemito" "--set" "mal_listing=2" "--dbpath=/ufs/sjoerd/Monet-candidate/var/MonetDB/mTests_sql_test_BugTracker-2014" "--set" "mal_listing=0"
# 16:38:43 >  


# 09:26:25 >  
# 09:26:25 >  "Done."
# 09:26:25 >  

