stdout of test 'tst907` in directory 'monetdb5/mal` itself:


# 08:01:38 >  
# 08:01:38 >  Mtimeout -timeout 60 Mserver "--config=/ufs/mk/monet5/Linux/etc/MonetDB5.conf" --debug=10 --set "monet_mod_path=/ufs/mk/monet5/Linux/lib/MonetDB5:/ufs/mk/opensource/MonetDB/Linux/lib/MonetDB" --set "gdk_dbfarm=/ufs/mk/monet5/Linux/var/MonetDB5/dbfarm" --set "sql_logdir=/ufs/mk/monet5/Linux/var/MonetDB5/log" --set mapi_port=42158 --set sql_port=55708 --set monet_prompt= --trace "--config=/ufs/mk/monet5/src/mal/Tests/All.conf" --dbname=mTests_src_mal  tst907.mal </dev/null
# 08:01:38 >  

[ "do multiplex three test",	"do multiplex one test",	"do multiplex pow test"	]
#--------------------------#
# h	t  # name
# void	int  # type
#--------------------------#
[ 0@0,	  2	  ]

# 08:01:38 >  
# 08:01:38 >  Done.
# 08:01:38 >  

