stdout of test 'trigger_owner` in directory 'sql/test/Triggers` itself:


# 20:28:20 >  
# 20:28:20 >   mserver5 "--config=/ufs/niels/scratch/monetdb/Linux-x86_64/etc/monetdb5.conf" --debug=10 --set gdk_nr_threads=4 --set "monet_mod_path=/ufs/niels/scratch/monetdb/Linux-x86_64/lib/MonetDB5:/ufs/niels/scratch/monetdb/Linux-x86_64/lib/MonetDB5/lib:/ufs/niels/scratch/monetdb/Linux-x86_64/lib/MonetDB5/bin" --set "gdk_dbfarm=/ufs/niels/scratch/monetdb/Linux-x86_64/var/MonetDB5/dbfarm" --set "sql_logdir=/ufs/niels/scratch/monetdb/Linux-x86_64/var/MonetDB5/sql_logs"  --set mapi_open=true --set xrpc_open=true --set mapi_port=35138 --set xrpc_port=49382 --set monet_prompt= --trace  "--dbname=mTests_src_test_Triggers" --set mal_listing=0 "--dbinit= include sql;" ; echo ; echo Over..
# 20:28:20 >  


# 14:14:18 >  
# 14:14:18 >  Done.
# 14:14:18 >  

