stdout of test 'invalid_creds` in directory 'sql/test/remote` itself:


# 12:15:45 >  
# 12:15:45 >  "mserver5" "--debug=10" "--set" "gdk_nr_threads=0" "--set" "mapi_open=true" "--set" "mapi_port=34190" "--set" "mapi_usock=/var/tmp/mtest-8733/.s.monetdb.34190" "--set" "monet_prompt=" "--forcemito" "--dbpath=/home/kutsurak/work/monet/sources/MonetDB/build/install/var/MonetDB/mTests_sql_test_remote" "--set" "embedded_c=true"
# 12:15:45 >  


# 12:15:48 >  
# 12:15:48 >  "Done."
# 12:15:48 >  

