stdout of test 'Skyserver` in directory 'sql/test/Skyserver` itself:


# 16:04:15 >  
# 16:04:15 >   mserver5 "--config=/ufs/niels/scratch/monetdb/Linux-x86_64/etc/monetdb5.conf" --debug=10 --set gdk_nr_threads=4 --set "monet_mod_path=/ufs/niels/scratch/monetdb/Linux-x86_64/lib/MonetDB5:/ufs/niels/scratch/monetdb/Linux-x86_64/lib/MonetDB5/lib:/ufs/niels/scratch/monetdb/Linux-x86_64/lib/MonetDB5/bin" --set "gdk_dbfarm=/ufs/niels/scratch/monetdb/Linux-x86_64/var/MonetDB5/dbfarm" --set "sql_logdir=/ufs/niels/scratch/monetdb/Linux-x86_64/var/MonetDB5/sql_logs"  --set mapi_open=true --set xrpc_open=true --set mapi_port=34442 --set xrpc_port=47029 --set monet_prompt= --trace  "--dbname=mTests_src_test_Skyserver" --set mal_listing=0 "--dbinit= include sql;" ; echo ; echo Over..
# 16:04:15 >  


# 12:01:36 >  
# 12:01:36 >  "Done."
# 12:01:36 >  

