stdout of test 'auto_commit.SF-1724151` in directory 'sql/test/BugTracker` itself:


# 13:12:51 >  
# 13:12:51 >  "mclient" "-lsql" "-ftest" "-tnone" "-Eutf-8" "-i" "-e" "--host=/var/tmp/mtest-267685" "--port=36116"
# 13:12:51 >  


# 13:12:51 >  
# 13:12:51 >  "Done."
# 13:12:51 >  

