stdout of test 'explain.SF-1739353` in directory 'sql/test/BugTracker` itself:


# 15:10:48 >  
# 15:10:48 >  "mclient" "-lsql" "-ftest" "-tnone" "-Eutf-8" "-i" "-e" "--host=/var/tmp/mtest-314162" "--port=36073"
# 15:10:48 >  

#set optimizer='sequential_pipe';
#EXPLAIN SELECT "name" FROM "tables";
% .explain # table_name
% mal # name
% clob # type
% 119 # length
function user.main():void;
    X_1:void := querylog.define("explain select \"name\" from \"tables\";":str, "sequential_pipe":str, 33:int);
    X_39:bat[:str] := bat.new(nil:str);
    X_4:int := sql.mvc();
    X_22:bat[:sht] := sql.bind(X_4:int, "sys":str, "_tables":str, "type":str, 0:int);
    C_5:bat[:oid] := sql.tid(X_4:int, "sys":str, "_tables":str);
    C_90:bat[:oid] := algebra.thetaselect(X_22:bat[:sht], C_5:bat[:oid], 2:sht, "!=":str);
    (X_25:bat[:oid], X_26:bat[:sht]) := sql.bind(X_4:int, "sys":str, "_tables":str, "type":str, 2:int);
    C_91:bat[:oid] := algebra.thetaselect(X_26:bat[:sht], nil:bat[:oid], 2:sht, "!=":str);
    X_24:bat[:sht] := sql.bind(X_4:int, "sys":str, "_tables":str, "type":str, 1:int);
    C_93:bat[:oid] := algebra.thetaselect(X_24:bat[:sht], C_5:bat[:oid], 2:sht, "!=":str);
    C_30:bat[:oid] := sql.subdelta(C_90:bat[:oid], C_5:bat[:oid], X_25:bat[:oid], C_91:bat[:oid], C_93:bat[:oid]);
    X_17:bat[:str] := sql.bind(X_4:int, "sys":str, "_tables":str, "name":str, 0:int);
    (X_19:bat[:oid], X_20:bat[:str]) := sql.bind(X_4:int, "sys":str, "_tables":str, "name":str, 2:int);
    X_18:bat[:str] := sql.bind(X_4:int, "sys":str, "_tables":str, "name":str, 1:int);
    X_32:bat[:str] := sql.projectdelta(C_30:bat[:oid], X_17:bat[:str], X_19:bat[:oid], X_20:bat[:str], X_18:bat[:str]);
    C_34:bat[:oid] := sql.tid(X_4:int, "tmp":str, "_tables":str);
    X_37:bat[:str] := sql.bind(X_4:int, "tmp":str, "_tables":str, "name":str, 0:int);
    X_38:bat[:str] := algebra.projection(C_34:bat[:oid], X_37:bat[:str]);
    X_41:bat[:str] := bat.append(X_39:bat[:str], X_32:bat[:str], true:bit);
    X_43:bat[:str] := bat.append(X_41:bat[:str], X_38:bat[:str], true:bit);
    X_45:bat[:str] := bat.pack(".tables":str);
    X_46:bat[:str] := bat.pack("name":str);
    X_47:bat[:str] := bat.pack("varchar":str);
    X_48:bat[:int] := bat.pack(1024:int);
    X_49:bat[:int] := bat.pack(0:int);
    sql.resultSet(X_45:bat[:str], X_46:bat[:str], X_47:bat[:str], X_48:bat[:int], X_49:bat[:int], X_43:bat[:str]);
end user.main;
#inline               actions= 0 time=2 usec 
#remap                actions= 0 time=3 usec 
#costmodel            actions= 1 time=2 usec 
#coercion             actions= 0 time=1 usec 
#aliases              actions= 1 time=10 usec 
#evaluate             actions= 0 time=11 usec 
#emptybind            actions= 0 time=0 usec 
#pushselect           actions= 2 time=39 usec 
#aliases              actions= 0 time=0 usec 
#mergetable           actions= 0 time=75 usec 
#deadcode             actions= 8 time=19 usec 
#aliases              actions= 0 time=0 usec 
#constants            actions= 2 time=10 usec 
#commonTerms          actions= 0 time=17 usec 
#projectionpath       actions= 0 time=5 usec 
#deadcode             actions= 0 time=13 usec 
#reorder              actions= 1 time=32 usec 
#matpack              actions= 0 time=0 usec 
#multiplex            actions= 0 time=2 usec 
#profiler             actions= 1 time=2 usec 
#candidates           actions= 1 time=2 usec 
#deadcode             actions= 0 time=12 usec 
#postfix              actions= 0 time=8 usec 
#wlc                  actions= 0 time=0 usec 
#garbagecollector     actions= 1 time=69 usec 
#total                actions=27 time=506 usec 
#set optimizer='default_pipe';

# 15:10:48 >  
# 15:10:48 >  "Done."
# 15:10:48 >  

