stdout of test 'mdb_starts_with_sql_debug_64.SF-1999354` in directory 'sql/test/BugTracker` itself:


# 22:28:20 >  
# 22:28:20 >  /usr/bin/python mdb_starts_with_sql_debug_64.SF-1999354.py mdb_starts_with_sql_debug_64.SF-1999354 
# 22:28:20 >  


# 22:28:24 >  
# 22:28:24 >  Done.
# 22:28:24 >  

