stdout of test 'create_on_ro_db_crash.SF-2830238` in directory 'sql/test/BugTracker-2009` itself:


# 21:37:20 >  
# 21:37:20 >  /usr/bin/python create_on_ro_db_crash.SF-2830238.py create_on_ro_db_crash.SF-2830238 
# 21:37:20 >  


# 21:37:20 >  
# 21:37:20 >  Done.
# 21:37:20 >  

