stdout of test 'interrupted-initialization.Bug-2875` in directory 'sql/test/BugTracker-2011` itself:


# 13:06:49 >  
# 13:06:49 >  "/usr/bin/python" "interrupted-initialization.Bug-2875.py" "interrupted-initialization.Bug-2875"
# 13:06:49 >  


# 13:06:50 >  
# 13:06:50 >  "Done."
# 13:06:50 >  

