stdout of test 'many-connects-cache.Bug-2904` in directory 'sql/test/BugTracker-2011` itself:


# 14:18:16 >  
# 14:18:16 >  "mserver5" "--debug=10" "--set" "gdk_nr_threads=0" "--set" "gdk_dbfarm=/ufs/sjoerd/Monet-stable/var/MonetDB" "--set" "mapi_open=true" "--set" "mapi_port=33580" "--set" "monet_prompt=" "--trace" "--forcemito" "--set" "mal_listing=2" "--dbname=mTests_test_BugTracker-2011" "--set" "mal_listing=0"
# 14:18:16 >  

# MonetDB 5 server v11.5.4
# This is an unreleased version
# Serving database 'mTests_test_BugTracker-2011', using 4 threads
# Compiled for x86_64-unknown-linux-gnu/64bit with 64bit OIDs dynamically linked
# Found 7.749 GiB available main-memory.
# Copyright (c) 1993-July 2008 CWI.
# Copyright (c) August 2008-2015 MonetDB B.V., all rights reserved
# Visit http://www.monetdb.org/ for further information
# Listening for connection requests on mapi:monetdb://ottar.ins.cwi.nl:33580/
# MonetDB/GIS module loaded
# MonetDB/SQL module loaded

# 10:26:44 >  
# 10:26:44 >  "Done."
# 10:26:44 >  

