stdout of test 'insert-null-byte.SF-2233581` in directory 'sql/test/BugTracker-2008` itself:


# 17:08:25 >  
# 17:08:25 >   mserver5 "--config=/ufs/sjoerd/Monet-virgin-stable/etc/monetdb5.conf" --debug=10 --set gdk_nr_threads=0 --set "monet_mod_path=/ufs/sjoerd/src/MonetDB/virgin-stable/sql/x86_64-unknown-linux-gnu/src/backends/monet5/.libs:/ufs/sjoerd/src/MonetDB/virgin-stable/sql/x86_64-unknown-linux-gnu/src/backends/monet5:/ufs/sjoerd/Monet-virgin-stable/lib64/MonetDB5:/ufs/sjoerd/Monet-virgin-stable/lib64/MonetDB5/lib:/ufs/sjoerd/Monet-virgin-stable/lib64/MonetDB5/bin" --set "gdk_dbfarm=/ufs/sjoerd/src/MonetDB/virgin-stable/sql/x86_64-unknown-linux-gnu/dbfarm" --set "sql_logdir=/ufs/sjoerd/src/MonetDB/virgin-stable/sql/x86_64-unknown-linux-gnu/sql_logs" --set "xquery_logdir=/ufs/sjoerd/src/MonetDB/virgin-stable/sql/x86_64-unknown-linux-gnu/xquery_logs" --set mapi_open=true --set xrpc_open=true --set mapi_port=34343 --set xrpc_port=49456 --set monet_prompt= --trace  "--dbname=mTests_src_test_BugTracker-2008" --set mal_listing=0 "--dbinit= include sql;" ; echo ; echo Over..
# 17:08:25 >  


# 17:08:26 >  
# 17:08:26 >  Done.
# 17:08:26 >  

