stdout of test 'psm_functions_and_accessrights.Bug-3300` in directory 'sql/test/BugTracker-2013` itself:


# 18:51:03 >  
# 18:51:03 >  "mserver5" "--debug=10" "--set" "gdk_nr_threads=0" "--set" "mapi_open=true" "--set" "mapi_port=37031" "--set" "mapi_usock=/var/tmp/mtest-6005/.s.monetdb.37031" "--set" "monet_prompt=" "--forcemito" "--set" "mal_listing=2" "--dbpath=/home/niels/scratch/rc-clean/Linux-x86_64/var/MonetDB/mTests_sql_test_BugTracker-2013" "--set" "mal_listing=0"
# 18:51:03 >  



# 18:51:04 >  
# 18:51:04 >  "Done."
# 18:51:04 >  

