stdout of test 'revokeRoleUserLoggedIN.Bug-7026` in directory 'sql/test/BugTracker-2020` itself:


# 14:34:36 >  
# 14:34:36 >  "/usr/bin/python3.8" "revokeRoleUserLoggedIN.Bug-7026.SQL.py" "revokeRoleUserLoggedIN.Bug-7026"
# 14:34:36 >  


# 14:34:37 >  
# 14:34:37 >  "Done."
# 14:34:37 >  

