stdout of test 'user-update-privs.Bug-7035` in directory 'sql/test/BugTracker-2020` itself:


# 16:38:34 >  
# 16:38:34 >  "/usr/bin/python3.9" "user-update-privs.Bug-7035.py" "user-update-privs.Bug-7035"
# 16:38:34 >  


# 16:38:34 >  
# 16:38:34 >  "Done."
# 16:38:34 >  

