stdout of test 'wrong-key-error.Bug-6983` in directory 'sql/test/BugTracker-2020` itself:


# 15:23:21 >  
# 15:23:21 >  "mclient" "-lsql" "-ftest" "-tnone" "-Eutf-8" "-i" "-e" "--host=/var/tmp/mtest-3778" "--port=36467"
# 15:23:21 >  

#start transaction;
#create table a (id int primary key);
#insert into a values (1);
[ 1	]
#create table b (id int primary key);
#create table c (a int references a(id), b int references b(id));
#rollback;

# 15:23:21 >  
# 15:23:21 >  "Done."
# 15:23:21 >  

