stdout of test 'grant-role-not-idempotent.Bug-6660` in directory 'sql/test/BugTracker-2018` itself:


# 17:35:19 >  
# 17:35:19 >  "/usr/bin/python2" "grant-role-not-idempotent.Bug-6660.py" "grant-role-not-idempotent.Bug-6660"
# 17:35:19 >  


# 17:35:20 >  
# 17:35:20 >  "Done."
# 17:35:20 >  

