stdout of test 'remote-table-where-is-null.Bug-6601` in directory 'sql/test/BugTracker-2018` itself:


# 17:55:38 >  
# 17:55:38 >  "/usr/local/opt/python@2/bin/python2.7" "remote-table-where-is-null.Bug-6601.py" "remote-table-where-is-null.Bug-6601"
# 17:55:38 >  


# 12:25:28 >  
# 12:25:28 >  "Done."
# 12:25:28 >  

