stdout of test 'test_privs2_p2` in directory 'sql/test/Users` itself:


# 15:54:46 >  
# 15:54:46 >  "mserver5" "--debug=10" "--set" "gdk_nr_threads=0" "--set" "mapi_open=true" "--set" "mapi_port=35594" "--set" "mapi_usock=/var/tmp/mtest-15897/.s.monetdb.35594" "--set" "monet_prompt=" "--forcemito" "--set" "mal_listing=2" "--dbpath=/home/niels/scratch/rc-clean/Linux-x86_64/var/MonetDB/mTests_sql_test_Users" "--set" "mal_listing=0"
# 15:54:46 >  

#SELECT insertversion('test3', 3);
% .%4 # table_name
% %4 # name
% int # type
% 1 # length
[ 1	]
#SELECT updateversion('test1', 4);
% .%2 # table_name
% %2 # name
% int # type
% 1 # length
[ 1	]
#SELECT deleteversion(4);
% .%2 # table_name
% %2 # name
% int # type
% 1 # length
[ 1	]
#SELECT truncateversion();
% .%2 # table_name
% %2 # name
% int # type
% 1 # length
[ 1	]


# 15:54:47 >  
# 15:54:47 >  "/usr/bin/python2" "test_privs2_p2.SQL.py" "test_privs2_p2"
# 15:54:47 >  


# 15:54:47 >  
# 15:54:47 >  "Done."
# 15:54:47 >  

