stdout of test 'python-loader-string.Bug-6759` in directory 'sql/test/BugTracker-2019` itself:


# 11:36:39 >  
# 11:36:39 >  "/usr/bin/python3" "python-loader-string.Bug-6759.py" "python-loader-string.Bug-6759"
# 11:36:39 >  



# 11:36:39 >  
# 11:36:39 >  "Done."
# 11:36:39 >  

