stdout of test 'odbcsample1` in directory 'sql/odbc/samples` itself:


# 13:17:54 >  
# 13:17:54 >  Mtimeout -timeout 180 Mserver "--config=/net/pictor.ins.cwi.nl/export/scratch1/fabian/monet-current/program/etc/MonetDB.conf" --debug=10 --set "monet_mod_path=/net/pictor.ins.cwi.nl/export/scratch1/fabian/monet-current/program/lib/MonetDB" --set "gdk_dbfarm=/net/pictor.ins.cwi.nl/export/scratch1/fabian/monet-current/program/var/MonetDB/dbfarm" --set "sql_logdir=/net/pictor.ins.cwi.nl/export/scratch1/fabian/monet-current/program/var/MonetDB/log" --set mapi_port=41234 --set sql_port=50782 --set monet_prompt= --trace "--dbname=mTests_src_odbc_samples" "/net/pictor.ins.cwi.nl/export/scratch1/fabian/monet-current/sql/build/src/backends/monet4/sql_server.mil" ; echo ; echo Over..
# 13:17:54 >  

# Monet Database Server V4.5.0
# Copyright (c) 1993-2004, CWI. All rights reserved.
# Compiled for i686-redhat-linux-gnu/32bit; dynamically linked.
# Visit http://monetdb.cwi.nl/ for further information.



# 15:36:28 >  
# 15:36:28 >  "Done."
# 15:36:28 >  

