stdout of test 'currenttime.Bug-2781` in directory 'sql/test/BugTracker-2012` itself:


# 14:00:10 >  
# 14:00:10 >  "/usr/bin/python" "currenttime.Bug-2781.py" "currenttime.Bug-2781"
# 14:00:10 >  


# 09:58:28 >  
# 09:58:28 >  "Done."
# 09:58:28 >  

