stdout of test 'acidity2-fail.Bug-3635` in directory 'sql/test/BugTracker-2015` itself:


# 14:09:16 >  
# 14:09:16 >  "mserver5" "--debug=10" "--set" "gdk_nr_threads=0" "--set" "mapi_open=true" "--set" "mapi_port=33768" "--set" "mapi_usock=/var/tmp/mtest-23800/.s.monetdb.33768" "--set" "monet_prompt=" "--forcemito" "--set" "mal_listing=2" "--dbpath=/home/niels/scratch/rc-clean/Linux-x86_64/var/MonetDB/mTests_sql_test_BugTracker-2015" "--set" "mal_listing=0" "--set" "embedded_r=yes"
# 14:09:16 >  


# 14:09:16 >  
# 14:09:16 >  "Done."
# 14:09:16 >  

