stdout of test 'local-remotetable-crash.Bug-3754` in directory 'sql/test/BugTracker-2015` itself:


# 18:16:19 >  
# 18:16:19 >  "mserver5" "--debug=10" "--set" "gdk_nr_threads=0" "--set" "mapi_open=true" "--set" "mapi_port=37515" "--set" "mapi_usock=/var/tmp/mtest-19202/.s.monetdb.37515" "--set" "monet_prompt=" "--forcemito" "--set" "mal_listing=2" "--dbpath=/export/scratch2/zhang/monet-install/Jul2015/debug/var/MonetDB/mTests_sql_test_BugTracker-2015" "--set" "mal_listing=0" "--set" "embedded_r=yes"
# 18:16:19 >  


# 14:26:57 >  
# 14:26:57 >  "Done."
# 14:26:57 >  

