stdout of test 'default_with_cast.SF-1334486` in directory 'sql/test/bugs` itself:


# 11:43:01 >  
# 11:43:01 >  "mclient" "-lsql" "-ftest" "-tnone" "-Eutf-8" "-i" "-e" "--host=/var/tmp/mtest-141076" "--port=32622"
# 11:43:01 >  

#create table t (
#	id serial,
#	d date default cast(now() as date)
#);
#insert into t ;
[ 1	]
#select cast(now() as date) - d from t;
% .%2 # table_name
% %2 # name
% day_interval # type
% 5 # length
[ 0.000	]

# 11:43:01 >  
# 11:43:01 >  "Done."
# 11:43:01 >  

