stdout of test 'mserver5-sql-readonly-view` in directory 'sql/test/mserver5-sql-readonly` itself:


# 09:35:13 >  
# 09:35:13 >  /usr/bin/python mserver5-sql-readonly-view.py mserver5-sql-readonly-view 
# 09:35:13 >  


# 09:35:13 >  
# 09:35:13 >  Done.
# 09:35:13 >  

