stdout of test 'dependency_owner_schema_3` in directory 'sql/test/Dependencies` itself:


# 13:01:18 >  
# 13:01:18 >  "mclient" "-lsql" "-ftest" "-tnone" "-Eutf-8" "-i" "-e" "--host=/var/tmp/mtest-84217" "--port=36919"
# 13:01:18 >  

#ALTER USER "monet_test" SET SCHEMA "sys";
#DROP SCHEMA test;
#DROP USER monet_test;
#SELECT s.name, u.name, 'DEP_USER' from sys.schemas as s, users u where u.default_schema = s.id order by s.name, u.name;
% sys.s,	.u,	.%1 # table_name
% name,	name,	%1 # name
% varchar,	varchar,	char # type
% 3,	9,	8 # length
[ "sys",	".snapshot",	"DEP_USER"	]
[ "sys",	"monetdb",	"DEP_USER"	]
#SELECT a.name, s.name, 'DEP_SCHEMA' from sys.schemas as s, auths a where s.owner = a.id order by a.name, s.name;
% sys.a,	sys.s,	.%1 # table_name
% name,	name,	%1 # name
% varchar,	varchar,	char # type
% 7,	8,	10 # length
[ "monetdb",	"json",	"DEP_SCHEMA"	]
[ "monetdb",	"logging",	"DEP_SCHEMA"	]
[ "monetdb",	"profiler",	"DEP_SCHEMA"	]
[ "monetdb",	"sys",	"DEP_SCHEMA"	]
[ "monetdb",	"tmp",	"DEP_SCHEMA"	]
[ "monetdb",	"wlc",	"DEP_SCHEMA"	]
[ "monetdb",	"wlr",	"DEP_SCHEMA"	]
#SELECT t.name, v.name, 'DEP_VIEW' from sys.tables as t, sys.tables as v, sys.dependencies as dep where t.id = dep.id AND v.id = dep.depend_id AND dep.depend_type = 5 AND v.type in (1, 11, 21, 31) order by t.name, v.name;
% .t,	.v,	.%24 # table_name
% name,	name,	%24 # name
% varchar,	varchar,	char # type
% 17,	34,	8 # length
[ "_columns",	"columns",	"DEP_VIEW"	]
[ "_columns",	"columns",	"DEP_VIEW"	]
[ "_columns",	"ids",	"DEP_VIEW"	]
[ "_columns",	"ids",	"DEP_VIEW"	]
[ "_tables",	"ids",	"DEP_VIEW"	]
[ "_tables",	"ids",	"DEP_VIEW"	]
[ "_tables",	"tables",	"DEP_VIEW"	]
[ "_tables",	"tables",	"DEP_VIEW"	]
[ "args",	"dependency_args_on_types",	"DEP_VIEW"	]
[ "args",	"ids",	"DEP_VIEW"	]
[ "auths",	"dependency_owners_on_schemas",	"DEP_VIEW"	]
[ "auths",	"ids",	"DEP_VIEW"	]
[ "auths",	"roles",	"DEP_VIEW"	]
[ "columns",	"dependency_columns_on_functions",	"DEP_VIEW"	]
[ "columns",	"dependency_columns_on_indexes",	"DEP_VIEW"	]
[ "columns",	"dependency_columns_on_keys",	"DEP_VIEW"	]
[ "columns",	"dependency_columns_on_procedures",	"DEP_VIEW"	]
[ "columns",	"dependency_columns_on_triggers",	"DEP_VIEW"	]
[ "columns",	"dependency_columns_on_types",	"DEP_VIEW"	]
[ "columns",	"dependency_columns_on_views",	"DEP_VIEW"	]
[ "columns",	"geometry_columns",	"DEP_VIEW"	]
[ "db_user_info",	"users",	"DEP_VIEW"	]
[ "dependencies",	"dependencies_vw",	"DEP_VIEW"	]
[ "dependencies",	"dependency_args_on_types",	"DEP_VIEW"	]
[ "dependencies",	"dependency_columns_on_functions",	"DEP_VIEW"	]
[ "dependencies",	"dependency_columns_on_procedures",	"DEP_VIEW"	]
[ "dependencies",	"dependency_columns_on_triggers",	"DEP_VIEW"	]
[ "dependencies",	"dependency_columns_on_types",	"DEP_VIEW"	]
[ "dependencies",	"dependency_columns_on_views",	"DEP_VIEW"	]
[ "dependencies",	"dependency_functions_on_functions",	"DEP_VIEW"	]
[ "dependencies",	"dependency_functions_on_procedures",	"DEP_VIEW"	]
[ "dependencies",	"dependency_functions_on_triggers",	"DEP_VIEW"	]
[ "dependencies",	"dependency_functions_on_types",	"DEP_VIEW"	]
[ "dependencies",	"dependency_functions_on_views",	"DEP_VIEW"	]
[ "dependencies",	"dependency_tables_on_functions",	"DEP_VIEW"	]
[ "dependencies",	"dependency_tables_on_procedures",	"DEP_VIEW"	]
[ "dependencies",	"dependency_tables_on_triggers",	"DEP_VIEW"	]
[ "dependencies",	"dependency_tables_on_views",	"DEP_VIEW"	]
[ "dependencies",	"dependency_views_on_functions",	"DEP_VIEW"	]
[ "dependencies",	"dependency_views_on_procedures",	"DEP_VIEW"	]
[ "dependencies",	"dependency_views_on_views",	"DEP_VIEW"	]
[ "dependency_types",	"dependencies_vw",	"DEP_VIEW"	]
[ "functions",	"dependency_args_on_types",	"DEP_VIEW"	]
[ "functions",	"dependency_columns_on_functions",	"DEP_VIEW"	]
[ "functions",	"dependency_columns_on_procedures",	"DEP_VIEW"	]
[ "functions",	"dependency_functions_on_functions",	"DEP_VIEW"	]
[ "functions",	"dependency_functions_on_procedures",	"DEP_VIEW"	]
[ "functions",	"dependency_functions_on_triggers",	"DEP_VIEW"	]
[ "functions",	"dependency_functions_on_types",	"DEP_VIEW"	]
[ "functions",	"dependency_functions_on_views",	"DEP_VIEW"	]
[ "functions",	"dependency_tables_on_functions",	"DEP_VIEW"	]
[ "functions",	"dependency_tables_on_procedures",	"DEP_VIEW"	]
[ "functions",	"dependency_views_on_functions",	"DEP_VIEW"	]
[ "functions",	"dependency_views_on_procedures",	"DEP_VIEW"	]
[ "functions",	"ids",	"DEP_VIEW"	]
[ "functions",	"systemfunctions",	"DEP_VIEW"	]
[ "ids",	"dependencies_vw",	"DEP_VIEW"	]
[ "idxs",	"dependency_columns_on_indexes",	"DEP_VIEW"	]
[ "idxs",	"dependency_tables_on_indexes",	"DEP_VIEW"	]
[ "idxs",	"ids",	"DEP_VIEW"	]
[ "idxs",	"ids",	"DEP_VIEW"	]
[ "keys",	"dependency_columns_on_indexes",	"DEP_VIEW"	]
[ "keys",	"dependency_columns_on_keys",	"DEP_VIEW"	]
[ "keys",	"dependency_keys_on_foreignkeys",	"DEP_VIEW"	]
[ "keys",	"dependency_tables_on_foreignkeys",	"DEP_VIEW"	]
[ "keys",	"dependency_tables_on_indexes",	"DEP_VIEW"	]
[ "keys",	"ids",	"DEP_VIEW"	]
[ "keys",	"ids",	"DEP_VIEW"	]
[ "objects",	"dependency_columns_on_indexes",	"DEP_VIEW"	]
[ "objects",	"dependency_columns_on_keys",	"DEP_VIEW"	]
[ "schemas",	"dependency_owners_on_schemas",	"DEP_VIEW"	]
[ "schemas",	"dependency_schemas_on_users",	"DEP_VIEW"	]
[ "schemas",	"geometry_columns",	"DEP_VIEW"	]
[ "schemas",	"ids",	"DEP_VIEW"	]
[ "schemas",	"storage",	"DEP_VIEW"	]
[ "sequences",	"ids",	"DEP_VIEW"	]
[ "storage",	"schemastorage",	"DEP_VIEW"	]
[ "storage",	"tablestorage",	"DEP_VIEW"	]
[ "storagemodelinput",	"storagemodel",	"DEP_VIEW"	]
[ "storagemodelinput",	"tablestoragemodel",	"DEP_VIEW"	]
[ "tables",	"dependency_columns_on_indexes",	"DEP_VIEW"	]
[ "tables",	"dependency_columns_on_keys",	"DEP_VIEW"	]
[ "tables",	"dependency_columns_on_triggers",	"DEP_VIEW"	]
[ "tables",	"dependency_columns_on_types",	"DEP_VIEW"	]
[ "tables",	"dependency_columns_on_views",	"DEP_VIEW"	]
[ "tables",	"dependency_functions_on_views",	"DEP_VIEW"	]
[ "tables",	"dependency_tables_on_foreignkeys",	"DEP_VIEW"	]
[ "tables",	"dependency_tables_on_functions",	"DEP_VIEW"	]
[ "tables",	"dependency_tables_on_indexes",	"DEP_VIEW"	]
[ "tables",	"dependency_tables_on_procedures",	"DEP_VIEW"	]
[ "tables",	"dependency_tables_on_triggers",	"DEP_VIEW"	]
[ "tables",	"dependency_tables_on_views",	"DEP_VIEW"	]
[ "tables",	"dependency_views_on_functions",	"DEP_VIEW"	]
[ "tables",	"dependency_views_on_procedures",	"DEP_VIEW"	]
[ "tables",	"dependency_views_on_views",	"DEP_VIEW"	]
[ "tables",	"geometry_columns",	"DEP_VIEW"	]
[ "tables",	"storage",	"DEP_VIEW"	]
[ "triggers",	"dependency_columns_on_triggers",	"DEP_VIEW"	]
[ "triggers",	"dependency_functions_on_triggers",	"DEP_VIEW"	]
[ "triggers",	"dependency_tables_on_triggers",	"DEP_VIEW"	]
[ "triggers",	"ids",	"DEP_VIEW"	]
[ "triggers",	"ids",	"DEP_VIEW"	]
[ "types",	"dependency_args_on_types",	"DEP_VIEW"	]
[ "types",	"dependency_columns_on_types",	"DEP_VIEW"	]
[ "types",	"dependency_functions_on_types",	"DEP_VIEW"	]
[ "types",	"geometry_columns",	"DEP_VIEW"	]
[ "types",	"ids",	"DEP_VIEW"	]
[ "users",	"dependency_schemas_on_users",	"DEP_VIEW"	]
#SELECT t.name, i.name, 'DEP_INDEX' from sys.tables as t, sys.idxs as i where i.table_id = t.id and i.name not in (select name from sys.keys) and t.type in (0, 10, 20, 30) order by t.name, i.name;
% .t,	.i,	.%20 # table_name
% name,	name,	%20 # name
% varchar,	varchar,	char # type
% 0,	0,	9 # length
#(SELECT t.name as name, tri.name as trigname, 'DEP_TRIGGER' from sys.tables as t, sys.triggers as tri where tri.table_id = t.id) UNION (SELECT t.name as name, tri.name as trigname, 'DEP_TRIGGER' from sys.triggers tri, sys.tables t, sys.dependencies dep where dep.id = t.id AND dep.depend_id =tri.id AND dep.depend_type = 8) order by name, trigname;
% .%25,	.%25,	.%25 # table_name
% name,	trigname,	%20 # name
% varchar,	varchar,	char # type
% 7,	21,	11 # length
[ "_tables",	"system_update_tables",	"DEP_TRIGGER"	]
[ "schemas",	"system_update_schemas",	"DEP_TRIGGER"	]
#SELECT t.name, fk.name, 'DEP_FKEY' from sys.tables as t, sys.keys as k, sys.keys as fk where fk.rkey = k.id and k.table_id = t.id order by t.name, fk.name;
% .t,	.fk,	.%10 # table_name
% name,	name,	%10 # name
% varchar,	varchar,	char # type
% 0,	0,	8 # length
#SELECT t.name, f.name, 'DEP_FUNC' from sys.functions as f, sys.tables as t, sys.dependencies as dep where t.id = dep.id AND f.id = dep.depend_id AND dep.depend_type = 7 AND t.type in (0, 10, 20, 30) ORDER BY t.name, f.name;
% .t,	.f,	.%15 # table_name
% name,	name,	%15 # name
% varchar,	varchar,	char # type
% 18,	17,	8 # length
[ "_columns",	"describe_columns",	"DEP_FUNC"	]
[ "_tables",	"describe_columns",	"DEP_FUNC"	]
[ "_tables",	"describe_table",	"DEP_FUNC"	]
[ "comments",	"describe_columns",	"DEP_FUNC"	]
[ "comments",	"describe_function",	"DEP_FUNC"	]
[ "comments",	"describe_table",	"DEP_FUNC"	]
[ "function_languages",	"describe_function",	"DEP_FUNC"	]
[ "function_types",	"describe_function",	"DEP_FUNC"	]
[ "functions",	"describe_function",	"DEP_FUNC"	]
[ "schemas",	"describe_columns",	"DEP_FUNC"	]
[ "schemas",	"describe_function",	"DEP_FUNC"	]
[ "schemas",	"describe_table",	"DEP_FUNC"	]
[ "spatial_ref_sys",	"getproj4",	"DEP_FUNC"	]
[ "table_types",	"describe_table",	"DEP_FUNC"	]
#SELECT c.name, v.name, 'DEP_VIEW' from sys.columns as c, sys.tables as v, sys.dependencies as dep where c.id = dep.id AND v.id = dep.depend_id AND dep.depend_type = 5 AND v.type in (1, 11, 21, 31) order by c.name, v.name;
% .c,	.v,	.%22 # table_name
% name,	name,	%22 # name
% varchar,	varchar,	char # type
% 20,	34,	8 # length
[ "access",	"tables",	"DEP_VIEW"	]
[ "access",	"tables",	"DEP_VIEW"	]
[ "atomwidth",	"storagemodel",	"DEP_VIEW"	]
[ "atomwidth",	"tablestoragemodel",	"DEP_VIEW"	]
[ "column",	"storagemodel",	"DEP_VIEW"	]
[ "columnsize",	"schemastorage",	"DEP_VIEW"	]
[ "columnsize",	"tablestorage",	"DEP_VIEW"	]
[ "commit_action",	"tables",	"DEP_VIEW"	]
[ "commit_action",	"tables",	"DEP_VIEW"	]
[ "count",	"storagemodel",	"DEP_VIEW"	]
[ "count",	"tablestorage",	"DEP_VIEW"	]
[ "count",	"tablestoragemodel",	"DEP_VIEW"	]
[ "default",	"columns",	"DEP_VIEW"	]
[ "default",	"columns",	"DEP_VIEW"	]
[ "default_schema",	"dependency_schemas_on_users",	"DEP_VIEW"	]
[ "default_schema",	"users",	"DEP_VIEW"	]
[ "depend_id",	"dependencies_vw",	"DEP_VIEW"	]
[ "depend_id",	"dependency_args_on_types",	"DEP_VIEW"	]
[ "depend_id",	"dependency_columns_on_functions",	"DEP_VIEW"	]
[ "depend_id",	"dependency_columns_on_procedures",	"DEP_VIEW"	]
[ "depend_id",	"dependency_columns_on_triggers",	"DEP_VIEW"	]
[ "depend_id",	"dependency_columns_on_types",	"DEP_VIEW"	]
[ "depend_id",	"dependency_columns_on_views",	"DEP_VIEW"	]
[ "depend_id",	"dependency_functions_on_functions",	"DEP_VIEW"	]
[ "depend_id",	"dependency_functions_on_procedures",	"DEP_VIEW"	]
[ "depend_id",	"dependency_functions_on_triggers",	"DEP_VIEW"	]
[ "depend_id",	"dependency_functions_on_types",	"DEP_VIEW"	]
[ "depend_id",	"dependency_functions_on_views",	"DEP_VIEW"	]
[ "depend_id",	"dependency_tables_on_functions",	"DEP_VIEW"	]
[ "depend_id",	"dependency_tables_on_procedures",	"DEP_VIEW"	]
[ "depend_id",	"dependency_tables_on_triggers",	"DEP_VIEW"	]
[ "depend_id",	"dependency_tables_on_views",	"DEP_VIEW"	]
[ "depend_id",	"dependency_views_on_functions",	"DEP_VIEW"	]
[ "depend_id",	"dependency_views_on_procedures",	"DEP_VIEW"	]
[ "depend_id",	"dependency_views_on_views",	"DEP_VIEW"	]
[ "depend_type",	"dependencies_vw",	"DEP_VIEW"	]
[ "depend_type",	"dependency_args_on_types",	"DEP_VIEW"	]
[ "depend_type",	"dependency_columns_on_functions",	"DEP_VIEW"	]
[ "depend_type",	"dependency_columns_on_procedures",	"DEP_VIEW"	]
[ "depend_type",	"dependency_columns_on_triggers",	"DEP_VIEW"	]
[ "depend_type",	"dependency_columns_on_types",	"DEP_VIEW"	]
[ "depend_type",	"dependency_columns_on_views",	"DEP_VIEW"	]
[ "depend_type",	"dependency_functions_on_functions",	"DEP_VIEW"	]
[ "depend_type",	"dependency_functions_on_procedures",	"DEP_VIEW"	]
[ "depend_type",	"dependency_functions_on_triggers",	"DEP_VIEW"	]
[ "depend_type",	"dependency_functions_on_types",	"DEP_VIEW"	]
[ "depend_type",	"dependency_functions_on_views",	"DEP_VIEW"	]
[ "depend_type",	"dependency_tables_on_functions",	"DEP_VIEW"	]
[ "depend_type",	"dependency_tables_on_procedures",	"DEP_VIEW"	]
[ "depend_type",	"dependency_tables_on_triggers",	"DEP_VIEW"	]
[ "depend_type",	"dependency_tables_on_views",	"DEP_VIEW"	]
[ "depend_type",	"dependency_views_on_functions",	"DEP_VIEW"	]
[ "depend_type",	"dependency_views_on_procedures",	"DEP_VIEW"	]
[ "depend_type",	"dependency_views_on_views",	"DEP_VIEW"	]
[ "dependency_type_id",	"dependencies_vw",	"DEP_VIEW"	]
[ "dependency_type_name",	"dependencies_vw",	"DEP_VIEW"	]
[ "distinct",	"storagemodel",	"DEP_VIEW"	]
[ "distinct",	"tablestoragemodel",	"DEP_VIEW"	]
[ "fullname",	"users",	"DEP_VIEW"	]
[ "func_id",	"dependency_args_on_types",	"DEP_VIEW"	]
[ "func_id",	"ids",	"DEP_VIEW"	]
[ "grantor",	"roles",	"DEP_VIEW"	]
[ "hashes",	"schemastorage",	"DEP_VIEW"	]
[ "hashes",	"tablestorage",	"DEP_VIEW"	]
[ "heapsize",	"schemastorage",	"DEP_VIEW"	]
[ "heapsize",	"tablestorage",	"DEP_VIEW"	]
[ "id",	"columns",	"DEP_VIEW"	]
[ "id",	"columns",	"DEP_VIEW"	]
[ "id",	"dependencies_vw",	"DEP_VIEW"	]
[ "id",	"dependencies_vw",	"DEP_VIEW"	]
[ "id",	"dependency_args_on_types",	"DEP_VIEW"	]
[ "id",	"dependency_args_on_types",	"DEP_VIEW"	]
[ "id",	"dependency_args_on_types",	"DEP_VIEW"	]
[ "id",	"dependency_args_on_types",	"DEP_VIEW"	]
[ "id",	"dependency_columns_on_functions",	"DEP_VIEW"	]
[ "id",	"dependency_columns_on_functions",	"DEP_VIEW"	]
[ "id",	"dependency_columns_on_functions",	"DEP_VIEW"	]
[ "id",	"dependency_columns_on_indexes",	"DEP_VIEW"	]
[ "id",	"dependency_columns_on_indexes",	"DEP_VIEW"	]
[ "id",	"dependency_columns_on_indexes",	"DEP_VIEW"	]
[ "id",	"dependency_columns_on_indexes",	"DEP_VIEW"	]
[ "id",	"dependency_columns_on_keys",	"DEP_VIEW"	]
[ "id",	"dependency_columns_on_keys",	"DEP_VIEW"	]
[ "id",	"dependency_columns_on_keys",	"DEP_VIEW"	]
[ "id",	"dependency_columns_on_keys",	"DEP_VIEW"	]
[ "id",	"dependency_columns_on_procedures",	"DEP_VIEW"	]
[ "id",	"dependency_columns_on_procedures",	"DEP_VIEW"	]
[ "id",	"dependency_columns_on_procedures",	"DEP_VIEW"	]
[ "id",	"dependency_columns_on_triggers",	"DEP_VIEW"	]
[ "id",	"dependency_columns_on_triggers",	"DEP_VIEW"	]
[ "id",	"dependency_columns_on_triggers",	"DEP_VIEW"	]
[ "id",	"dependency_columns_on_triggers",	"DEP_VIEW"	]
[ "id",	"dependency_columns_on_types",	"DEP_VIEW"	]
[ "id",	"dependency_columns_on_types",	"DEP_VIEW"	]
[ "id",	"dependency_columns_on_types",	"DEP_VIEW"	]
[ "id",	"dependency_columns_on_types",	"DEP_VIEW"	]
[ "id",	"dependency_columns_on_views",	"DEP_VIEW"	]
[ "id",	"dependency_columns_on_views",	"DEP_VIEW"	]
[ "id",	"dependency_columns_on_views",	"DEP_VIEW"	]
[ "id",	"dependency_functions_on_functions",	"DEP_VIEW"	]
[ "id",	"dependency_functions_on_functions",	"DEP_VIEW"	]
[ "id",	"dependency_functions_on_procedures",	"DEP_VIEW"	]
[ "id",	"dependency_functions_on_procedures",	"DEP_VIEW"	]
[ "id",	"dependency_functions_on_triggers",	"DEP_VIEW"	]
[ "id",	"dependency_functions_on_triggers",	"DEP_VIEW"	]
[ "id",	"dependency_functions_on_triggers",	"DEP_VIEW"	]
[ "id",	"dependency_functions_on_types",	"DEP_VIEW"	]
[ "id",	"dependency_functions_on_types",	"DEP_VIEW"	]
[ "id",	"dependency_functions_on_types",	"DEP_VIEW"	]
[ "id",	"dependency_functions_on_views",	"DEP_VIEW"	]
[ "id",	"dependency_functions_on_views",	"DEP_VIEW"	]
[ "id",	"dependency_functions_on_views",	"DEP_VIEW"	]
[ "id",	"dependency_keys_on_foreignkeys",	"DEP_VIEW"	]
[ "id",	"dependency_owners_on_schemas",	"DEP_VIEW"	]
[ "id",	"dependency_owners_on_schemas",	"DEP_VIEW"	]
[ "id",	"dependency_schemas_on_users",	"DEP_VIEW"	]
[ "id",	"dependency_tables_on_foreignkeys",	"DEP_VIEW"	]
[ "id",	"dependency_tables_on_foreignkeys",	"DEP_VIEW"	]
[ "id",	"dependency_tables_on_functions",	"DEP_VIEW"	]
[ "id",	"dependency_tables_on_functions",	"DEP_VIEW"	]
[ "id",	"dependency_tables_on_functions",	"DEP_VIEW"	]
[ "id",	"dependency_tables_on_indexes",	"DEP_VIEW"	]
[ "id",	"dependency_tables_on_indexes",	"DEP_VIEW"	]
[ "id",	"dependency_tables_on_procedures",	"DEP_VIEW"	]
[ "id",	"dependency_tables_on_procedures",	"DEP_VIEW"	]
[ "id",	"dependency_tables_on_procedures",	"DEP_VIEW"	]
[ "id",	"dependency_tables_on_triggers",	"DEP_VIEW"	]
[ "id",	"dependency_tables_on_triggers",	"DEP_VIEW"	]
[ "id",	"dependency_tables_on_triggers",	"DEP_VIEW"	]
[ "id",	"dependency_tables_on_views",	"DEP_VIEW"	]
[ "id",	"dependency_tables_on_views",	"DEP_VIEW"	]
[ "id",	"dependency_views_on_functions",	"DEP_VIEW"	]
[ "id",	"dependency_views_on_functions",	"DEP_VIEW"	]
[ "id",	"dependency_views_on_functions",	"DEP_VIEW"	]
[ "id",	"dependency_views_on_procedures",	"DEP_VIEW"	]
[ "id",	"dependency_views_on_procedures",	"DEP_VIEW"	]
[ "id",	"dependency_views_on_procedures",	"DEP_VIEW"	]
[ "id",	"dependency_views_on_views",	"DEP_VIEW"	]
[ "id",	"dependency_views_on_views",	"DEP_VIEW"	]
[ "id",	"geometry_columns",	"DEP_VIEW"	]
[ "id",	"geometry_columns",	"DEP_VIEW"	]
[ "id",	"ids",	"DEP_VIEW"	]
[ "id",	"ids",	"DEP_VIEW"	]
[ "id",	"ids",	"DEP_VIEW"	]
[ "id",	"ids",	"DEP_VIEW"	]
[ "id",	"ids",	"DEP_VIEW"	]
[ "id",	"ids",	"DEP_VIEW"	]
[ "id",	"ids",	"DEP_VIEW"	]
[ "id",	"ids",	"DEP_VIEW"	]
[ "id",	"ids",	"DEP_VIEW"	]
[ "id",	"ids",	"DEP_VIEW"	]
[ "id",	"ids",	"DEP_VIEW"	]
[ "id",	"ids",	"DEP_VIEW"	]
[ "id",	"ids",	"DEP_VIEW"	]
[ "id",	"ids",	"DEP_VIEW"	]
[ "id",	"ids",	"DEP_VIEW"	]
[ "id",	"ids",	"DEP_VIEW"	]
[ "id",	"roles",	"DEP_VIEW"	]
[ "id",	"storage",	"DEP_VIEW"	]
[ "id",	"systemfunctions",	"DEP_VIEW"	]
[ "id",	"tables",	"DEP_VIEW"	]
[ "id",	"tables",	"DEP_VIEW"	]
[ "imprints",	"schemastorage",	"DEP_VIEW"	]
[ "imprints",	"tablestorage",	"DEP_VIEW"	]
[ "isacolumn",	"storagemodel",	"DEP_VIEW"	]
[ "isacolumn",	"tablestoragemodel",	"DEP_VIEW"	]
[ "name",	"columns",	"DEP_VIEW"	]
[ "name",	"columns",	"DEP_VIEW"	]
[ "name",	"dependencies_vw",	"DEP_VIEW"	]
[ "name",	"dependency_args_on_types",	"DEP_VIEW"	]
[ "name",	"dependency_args_on_types",	"DEP_VIEW"	]
[ "name",	"dependency_columns_on_functions",	"DEP_VIEW"	]
[ "name",	"dependency_columns_on_functions",	"DEP_VIEW"	]
[ "name",	"dependency_columns_on_indexes",	"DEP_VIEW"	]
[ "name",	"dependency_columns_on_indexes",	"DEP_VIEW"	]
[ "name",	"dependency_columns_on_indexes",	"DEP_VIEW"	]
[ "name",	"dependency_columns_on_indexes",	"DEP_VIEW"	]
[ "name",	"dependency_columns_on_indexes",	"DEP_VIEW"	]
[ "name",	"dependency_columns_on_keys",	"DEP_VIEW"	]
[ "name",	"dependency_columns_on_keys",	"DEP_VIEW"	]
[ "name",	"dependency_columns_on_keys",	"DEP_VIEW"	]
[ "name",	"dependency_columns_on_keys",	"DEP_VIEW"	]
[ "name",	"dependency_columns_on_procedures",	"DEP_VIEW"	]
[ "name",	"dependency_columns_on_procedures",	"DEP_VIEW"	]
[ "name",	"dependency_columns_on_triggers",	"DEP_VIEW"	]
[ "name",	"dependency_columns_on_triggers",	"DEP_VIEW"	]
[ "name",	"dependency_columns_on_triggers",	"DEP_VIEW"	]
[ "name",	"dependency_columns_on_types",	"DEP_VIEW"	]
[ "name",	"dependency_columns_on_types",	"DEP_VIEW"	]
[ "name",	"dependency_columns_on_views",	"DEP_VIEW"	]
[ "name",	"dependency_columns_on_views",	"DEP_VIEW"	]
[ "name",	"dependency_functions_on_functions",	"DEP_VIEW"	]
[ "name",	"dependency_functions_on_procedures",	"DEP_VIEW"	]
[ "name",	"dependency_functions_on_triggers",	"DEP_VIEW"	]
[ "name",	"dependency_functions_on_triggers",	"DEP_VIEW"	]
[ "name",	"dependency_functions_on_types",	"DEP_VIEW"	]
[ "name",	"dependency_functions_on_views",	"DEP_VIEW"	]
[ "name",	"dependency_functions_on_views",	"DEP_VIEW"	]
[ "name",	"dependency_keys_on_foreignkeys",	"DEP_VIEW"	]
[ "name",	"dependency_owners_on_schemas",	"DEP_VIEW"	]
[ "name",	"dependency_owners_on_schemas",	"DEP_VIEW"	]
[ "name",	"dependency_schemas_on_users",	"DEP_VIEW"	]
[ "name",	"dependency_schemas_on_users",	"DEP_VIEW"	]
[ "name",	"dependency_tables_on_foreignkeys",	"DEP_VIEW"	]
[ "name",	"dependency_tables_on_foreignkeys",	"DEP_VIEW"	]
[ "name",	"dependency_tables_on_functions",	"DEP_VIEW"	]
[ "name",	"dependency_tables_on_functions",	"DEP_VIEW"	]
[ "name",	"dependency_tables_on_indexes",	"DEP_VIEW"	]
[ "name",	"dependency_tables_on_indexes",	"DEP_VIEW"	]
[ "name",	"dependency_tables_on_indexes",	"DEP_VIEW"	]
[ "name",	"dependency_tables_on_procedures",	"DEP_VIEW"	]
[ "name",	"dependency_tables_on_procedures",	"DEP_VIEW"	]
[ "name",	"dependency_tables_on_triggers",	"DEP_VIEW"	]
[ "name",	"dependency_tables_on_triggers",	"DEP_VIEW"	]
[ "name",	"dependency_tables_on_views",	"DEP_VIEW"	]
[ "name",	"dependency_views_on_functions",	"DEP_VIEW"	]
[ "name",	"dependency_views_on_functions",	"DEP_VIEW"	]
[ "name",	"dependency_views_on_procedures",	"DEP_VIEW"	]
[ "name",	"dependency_views_on_procedures",	"DEP_VIEW"	]
[ "name",	"dependency_views_on_views",	"DEP_VIEW"	]
[ "name",	"geometry_columns",	"DEP_VIEW"	]
[ "name",	"geometry_columns",	"DEP_VIEW"	]
[ "name",	"geometry_columns",	"DEP_VIEW"	]
[ "name",	"ids",	"DEP_VIEW"	]
[ "name",	"ids",	"DEP_VIEW"	]
[ "name",	"ids",	"DEP_VIEW"	]
[ "name",	"ids",	"DEP_VIEW"	]
[ "name",	"ids",	"DEP_VIEW"	]
[ "name",	"ids",	"DEP_VIEW"	]
[ "name",	"ids",	"DEP_VIEW"	]
[ "name",	"ids",	"DEP_VIEW"	]
[ "name",	"ids",	"DEP_VIEW"	]
[ "name",	"ids",	"DEP_VIEW"	]
[ "name",	"ids",	"DEP_VIEW"	]
[ "name",	"ids",	"DEP_VIEW"	]
[ "name",	"ids",	"DEP_VIEW"	]
[ "name",	"ids",	"DEP_VIEW"	]
[ "name",	"ids",	"DEP_VIEW"	]
[ "name",	"roles",	"DEP_VIEW"	]
[ "name",	"storage",	"DEP_VIEW"	]
[ "name",	"storage",	"DEP_VIEW"	]
[ "name",	"tables",	"DEP_VIEW"	]
[ "name",	"tables",	"DEP_VIEW"	]
[ "name",	"users",	"DEP_VIEW"	]
[ "nr",	"dependency_columns_on_indexes",	"DEP_VIEW"	]
[ "nr",	"dependency_columns_on_keys",	"DEP_VIEW"	]
[ "null",	"columns",	"DEP_VIEW"	]
[ "null",	"columns",	"DEP_VIEW"	]
[ "number",	"columns",	"DEP_VIEW"	]
[ "number",	"columns",	"DEP_VIEW"	]
[ "number",	"dependency_args_on_types",	"DEP_VIEW"	]
[ "obj_type",	"dependencies_vw",	"DEP_VIEW"	]
[ "orderidx",	"schemastorage",	"DEP_VIEW"	]
[ "orderidx",	"tablestorage",	"DEP_VIEW"	]
[ "owner",	"dependency_owners_on_schemas",	"DEP_VIEW"	]
[ "query",	"tables",	"DEP_VIEW"	]
[ "query",	"tables",	"DEP_VIEW"	]
[ "reference",	"storagemodel",	"DEP_VIEW"	]
[ "reference",	"tablestoragemodel",	"DEP_VIEW"	]
[ "rkey",	"dependency_keys_on_foreignkeys",	"DEP_VIEW"	]
[ "rkey",	"dependency_tables_on_foreignkeys",	"DEP_VIEW"	]
[ "schema",	"schemastorage",	"DEP_VIEW"	]
[ "schema",	"storagemodel",	"DEP_VIEW"	]
[ "schema",	"tablestorage",	"DEP_VIEW"	]
[ "schema",	"tablestoragemodel",	"DEP_VIEW"	]
[ "schema_id",	"dependency_columns_on_indexes",	"DEP_VIEW"	]
[ "schema_id",	"dependency_columns_on_keys",	"DEP_VIEW"	]
[ "schema_id",	"dependency_columns_on_triggers",	"DEP_VIEW"	]
[ "schema_id",	"dependency_columns_on_types",	"DEP_VIEW"	]
[ "schema_id",	"dependency_columns_on_views",	"DEP_VIEW"	]
[ "schema_id",	"dependency_functions_on_functions",	"DEP_VIEW"	]
[ "schema_id",	"dependency_functions_on_procedures",	"DEP_VIEW"	]
[ "schema_id",	"dependency_functions_on_triggers",	"DEP_VIEW"	]
[ "schema_id",	"dependency_functions_on_views",	"DEP_VIEW"	]
[ "schema_id",	"dependency_functions_on_views",	"DEP_VIEW"	]
[ "schema_id",	"dependency_tables_on_foreignkeys",	"DEP_VIEW"	]
[ "schema_id",	"dependency_tables_on_functions",	"DEP_VIEW"	]
[ "schema_id",	"dependency_tables_on_indexes",	"DEP_VIEW"	]
[ "schema_id",	"dependency_tables_on_procedures",	"DEP_VIEW"	]
[ "schema_id",	"dependency_tables_on_triggers",	"DEP_VIEW"	]
[ "schema_id",	"dependency_tables_on_views",	"DEP_VIEW"	]
[ "schema_id",	"dependency_views_on_functions",	"DEP_VIEW"	]
[ "schema_id",	"dependency_views_on_procedures",	"DEP_VIEW"	]
[ "schema_id",	"dependency_views_on_views",	"DEP_VIEW"	]
[ "schema_id",	"geometry_columns",	"DEP_VIEW"	]
[ "schema_id",	"ids",	"DEP_VIEW"	]
[ "schema_id",	"ids",	"DEP_VIEW"	]
[ "schema_id",	"ids",	"DEP_VIEW"	]
[ "schema_id",	"ids",	"DEP_VIEW"	]
[ "schema_id",	"ids",	"DEP_VIEW"	]
[ "schema_id",	"storage",	"DEP_VIEW"	]
[ "schema_id",	"tables",	"DEP_VIEW"	]
[ "schema_id",	"tables",	"DEP_VIEW"	]
[ "sorted",	"storagemodel",	"DEP_VIEW"	]
[ "sorted",	"tablestoragemodel",	"DEP_VIEW"	]
[ "sqlname",	"dependency_args_on_types",	"DEP_VIEW"	]
[ "sqlname",	"dependency_columns_on_types",	"DEP_VIEW"	]
[ "sqlname",	"dependency_functions_on_types",	"DEP_VIEW"	]
[ "sqlname",	"geometry_columns",	"DEP_VIEW"	]
[ "sqlname",	"ids",	"DEP_VIEW"	]
[ "storage",	"columns",	"DEP_VIEW"	]
[ "storage",	"columns",	"DEP_VIEW"	]
[ "system",	"storage",	"DEP_VIEW"	]
[ "system",	"systemfunctions",	"DEP_VIEW"	]
[ "system",	"tables",	"DEP_VIEW"	]
[ "system",	"tables",	"DEP_VIEW"	]
[ "systemname",	"geometry_columns",	"DEP_VIEW"	]
[ "table",	"storagemodel",	"DEP_VIEW"	]
[ "table",	"tablestorage",	"DEP_VIEW"	]
[ "table",	"tablestoragemodel",	"DEP_VIEW"	]
[ "table_id",	"columns",	"DEP_VIEW"	]
[ "table_id",	"columns",	"DEP_VIEW"	]
[ "table_id",	"dependency_columns_on_functions",	"DEP_VIEW"	]
[ "table_id",	"dependency_columns_on_indexes",	"DEP_VIEW"	]
[ "table_id",	"dependency_columns_on_indexes",	"DEP_VIEW"	]
[ "table_id",	"dependency_columns_on_indexes",	"DEP_VIEW"	]
[ "table_id",	"dependency_columns_on_keys",	"DEP_VIEW"	]
[ "table_id",	"dependency_columns_on_keys",	"DEP_VIEW"	]
[ "table_id",	"dependency_columns_on_procedures",	"DEP_VIEW"	]
[ "table_id",	"dependency_columns_on_triggers",	"DEP_VIEW"	]
[ "table_id",	"dependency_columns_on_types",	"DEP_VIEW"	]
[ "table_id",	"dependency_columns_on_views",	"DEP_VIEW"	]
[ "table_id",	"dependency_functions_on_triggers",	"DEP_VIEW"	]
[ "table_id",	"dependency_keys_on_foreignkeys",	"DEP_VIEW"	]
[ "table_id",	"dependency_tables_on_foreignkeys",	"DEP_VIEW"	]
[ "table_id",	"dependency_tables_on_indexes",	"DEP_VIEW"	]
[ "table_id",	"dependency_tables_on_indexes",	"DEP_VIEW"	]
[ "table_id",	"dependency_tables_on_triggers",	"DEP_VIEW"	]
[ "table_id",	"geometry_columns",	"DEP_VIEW"	]
[ "table_id",	"ids",	"DEP_VIEW"	]
[ "table_id",	"ids",	"DEP_VIEW"	]
[ "table_id",	"ids",	"DEP_VIEW"	]
[ "table_id",	"ids",	"DEP_VIEW"	]
[ "table_id",	"ids",	"DEP_VIEW"	]
[ "table_id",	"ids",	"DEP_VIEW"	]
[ "table_id",	"ids",	"DEP_VIEW"	]
[ "table_id",	"ids",	"DEP_VIEW"	]
[ "type",	"columns",	"DEP_VIEW"	]
[ "type",	"columns",	"DEP_VIEW"	]
[ "type",	"dependency_columns_on_functions",	"DEP_VIEW"	]
[ "type",	"dependency_columns_on_indexes",	"DEP_VIEW"	]
[ "type",	"dependency_columns_on_keys",	"DEP_VIEW"	]
[ "type",	"dependency_columns_on_procedures",	"DEP_VIEW"	]
[ "type",	"dependency_columns_on_views",	"DEP_VIEW"	]
[ "type",	"dependency_functions_on_functions",	"DEP_VIEW"	]
[ "type",	"dependency_functions_on_procedures",	"DEP_VIEW"	]
[ "type",	"dependency_functions_on_triggers",	"DEP_VIEW"	]
[ "type",	"dependency_functions_on_types",	"DEP_VIEW"	]
[ "type",	"dependency_functions_on_views",	"DEP_VIEW"	]
[ "type",	"dependency_keys_on_foreignkeys",	"DEP_VIEW"	]
[ "type",	"dependency_tables_on_foreignkeys",	"DEP_VIEW"	]
[ "type",	"dependency_tables_on_functions",	"DEP_VIEW"	]
[ "type",	"dependency_tables_on_functions",	"DEP_VIEW"	]
[ "type",	"dependency_tables_on_indexes",	"DEP_VIEW"	]
[ "type",	"dependency_tables_on_procedures",	"DEP_VIEW"	]
[ "type",	"dependency_tables_on_procedures",	"DEP_VIEW"	]
[ "type",	"dependency_tables_on_views",	"DEP_VIEW"	]
[ "type",	"dependency_views_on_functions",	"DEP_VIEW"	]
[ "type",	"dependency_views_on_functions",	"DEP_VIEW"	]
[ "type",	"dependency_views_on_procedures",	"DEP_VIEW"	]
[ "type",	"dependency_views_on_procedures",	"DEP_VIEW"	]
[ "type",	"dependency_views_on_views",	"DEP_VIEW"	]
[ "type",	"geometry_columns",	"DEP_VIEW"	]
[ "type",	"ids",	"DEP_VIEW"	]
[ "type",	"ids",	"DEP_VIEW"	]
[ "type",	"ids",	"DEP_VIEW"	]
[ "type",	"storagemodel",	"DEP_VIEW"	]
[ "type",	"tables",	"DEP_VIEW"	]
[ "type",	"tables",	"DEP_VIEW"	]
[ "type",	"tablestoragemodel",	"DEP_VIEW"	]
[ "type_digits",	"columns",	"DEP_VIEW"	]
[ "type_digits",	"columns",	"DEP_VIEW"	]
[ "type_digits",	"geometry_columns",	"DEP_VIEW"	]
[ "type_scale",	"columns",	"DEP_VIEW"	]
[ "type_scale",	"columns",	"DEP_VIEW"	]
[ "type_scale",	"geometry_columns",	"DEP_VIEW"	]
[ "unique",	"storagemodel",	"DEP_VIEW"	]
#SELECT c.name, k.name, 'DEP_KEY' from sys.columns as c,  sys.objects as kc, sys.keys as k where kc."name" = c.name AND kc.id = k.id AND k.table_id = c.table_id AND k.rkey = -1 order by c.name, k.name;
% .c,	.k,	.%6 # table_name
% name,	name,	%6 # name
% varchar,	varchar,	char # type
% 20,	44,	7 # length
[ "dependency_type_id",	"dependency_types_dependency_type_id_pkey",	"DEP_KEY"	]
[ "dependency_type_name",	"dependency_types_dependency_type_name_unique",	"DEP_KEY"	]
[ "function_type_id",	"function_types_function_type_id_pkey",	"DEP_KEY"	]
[ "function_type_name",	"function_types_function_type_name_unique",	"DEP_KEY"	]
[ "id",	"comments_id_pkey",	"DEP_KEY"	]
[ "index_type_id",	"index_types_index_type_id_pkey",	"DEP_KEY"	]
[ "index_type_name",	"index_types_index_type_name_unique",	"DEP_KEY"	]
[ "key_type_id",	"key_types_key_type_id_pkey",	"DEP_KEY"	]
[ "key_type_name",	"key_types_key_type_name_unique",	"DEP_KEY"	]
[ "keyword",	"keywords_keyword_pkey",	"DEP_KEY"	]
[ "language_id",	"function_languages_language_id_pkey",	"DEP_KEY"	]
[ "language_name",	"function_languages_language_name_unique",	"DEP_KEY"	]
[ "privilege_code_id",	"privilege_codes_privilege_code_id_pkey",	"DEP_KEY"	]
[ "privilege_code_name",	"privilege_codes_privilege_code_name_unique",	"DEP_KEY"	]
[ "srid",	"spatial_ref_sys_srid_pkey",	"DEP_KEY"	]
[ "table_type_id",	"table_types_table_type_id_pkey",	"DEP_KEY"	]
[ "table_type_name",	"table_types_table_type_name_unique",	"DEP_KEY"	]
#SELECT c.name, i.name, 'DEP_INDEX' from sys.columns as c,  sys.objects as kc, sys.idxs as i where kc."name" = c.name AND kc.id = i.id AND c.table_id = i.table_id AND i.name not in (select name from sys.keys) order by c.name, i.name;
% .c,	.i,	.%11 # table_name
% name,	name,	%11 # name
% varchar,	varchar,	char # type
% 0,	0,	9 # length
#SELECT c.name, f.name, 'DEP_FUNC' from sys.functions as f, sys.columns as c, sys.dependencies as dep where c.id = dep.id AND f.id = dep.depend_id AND dep.depend_type = 7 ORDER BY c.name, f.name;
% .c,	.f,	.%6 # table_name
% name,	name,	%6 # name
% varchar,	varchar,	char # type
% 21,	17,	8 # length
[ "access",	"describe_columns",	"DEP_FUNC"	]
[ "access",	"describe_table",	"DEP_FUNC"	]
[ "auth_name",	"getproj4",	"DEP_FUNC"	]
[ "auth_srid",	"getproj4",	"DEP_FUNC"	]
[ "authorization",	"describe_columns",	"DEP_FUNC"	]
[ "authorization",	"describe_function",	"DEP_FUNC"	]
[ "authorization",	"describe_table",	"DEP_FUNC"	]
[ "commit_action",	"describe_columns",	"DEP_FUNC"	]
[ "commit_action",	"describe_table",	"DEP_FUNC"	]
[ "default",	"describe_columns",	"DEP_FUNC"	]
[ "func",	"describe_function",	"DEP_FUNC"	]
[ "function_type_id",	"describe_function",	"DEP_FUNC"	]
[ "function_type_keyword",	"describe_function",	"DEP_FUNC"	]
[ "function_type_name",	"describe_function",	"DEP_FUNC"	]
[ "id",	"describe_columns",	"DEP_FUNC"	]
[ "id",	"describe_columns",	"DEP_FUNC"	]
[ "id",	"describe_columns",	"DEP_FUNC"	]
[ "id",	"describe_columns",	"DEP_FUNC"	]
[ "id",	"describe_function",	"DEP_FUNC"	]
[ "id",	"describe_function",	"DEP_FUNC"	]
[ "id",	"describe_function",	"DEP_FUNC"	]
[ "id",	"describe_table",	"DEP_FUNC"	]
[ "id",	"describe_table",	"DEP_FUNC"	]
[ "id",	"describe_table",	"DEP_FUNC"	]
[ "language",	"describe_function",	"DEP_FUNC"	]
[ "language_id",	"describe_function",	"DEP_FUNC"	]
[ "language_keyword",	"describe_function",	"DEP_FUNC"	]
[ "language_name",	"describe_function",	"DEP_FUNC"	]
[ "mod",	"describe_function",	"DEP_FUNC"	]
[ "name",	"describe_columns",	"DEP_FUNC"	]
[ "name",	"describe_columns",	"DEP_FUNC"	]
[ "name",	"describe_columns",	"DEP_FUNC"	]
[ "name",	"describe_function",	"DEP_FUNC"	]
[ "name",	"describe_function",	"DEP_FUNC"	]
[ "name",	"describe_table",	"DEP_FUNC"	]
[ "name",	"describe_table",	"DEP_FUNC"	]
[ "null",	"describe_columns",	"DEP_FUNC"	]
[ "number",	"describe_columns",	"DEP_FUNC"	]
[ "owner",	"describe_columns",	"DEP_FUNC"	]
[ "owner",	"describe_function",	"DEP_FUNC"	]
[ "owner",	"describe_table",	"DEP_FUNC"	]
[ "proj4text",	"getproj4",	"DEP_FUNC"	]
[ "query",	"describe_columns",	"DEP_FUNC"	]
[ "query",	"describe_table",	"DEP_FUNC"	]
[ "remark",	"describe_columns",	"DEP_FUNC"	]
[ "remark",	"describe_function",	"DEP_FUNC"	]
[ "remark",	"describe_table",	"DEP_FUNC"	]
[ "schema_id",	"describe_columns",	"DEP_FUNC"	]
[ "schema_id",	"describe_function",	"DEP_FUNC"	]
[ "schema_id",	"describe_table",	"DEP_FUNC"	]
[ "semantics",	"describe_function",	"DEP_FUNC"	]
[ "side_effect",	"describe_function",	"DEP_FUNC"	]
[ "srid",	"getproj4",	"DEP_FUNC"	]
[ "srtext",	"getproj4",	"DEP_FUNC"	]
[ "storage",	"describe_columns",	"DEP_FUNC"	]
[ "system",	"describe_columns",	"DEP_FUNC"	]
[ "system",	"describe_columns",	"DEP_FUNC"	]
[ "system",	"describe_function",	"DEP_FUNC"	]
[ "system",	"describe_function",	"DEP_FUNC"	]
[ "system",	"describe_table",	"DEP_FUNC"	]
[ "system",	"describe_table",	"DEP_FUNC"	]
[ "table_id",	"describe_columns",	"DEP_FUNC"	]
[ "table_type_id",	"describe_table",	"DEP_FUNC"	]
[ "table_type_name",	"describe_table",	"DEP_FUNC"	]
[ "type",	"describe_columns",	"DEP_FUNC"	]
[ "type",	"describe_columns",	"DEP_FUNC"	]
[ "type",	"describe_function",	"DEP_FUNC"	]
[ "type",	"describe_table",	"DEP_FUNC"	]
[ "type_digits",	"describe_columns",	"DEP_FUNC"	]
[ "type_scale",	"describe_columns",	"DEP_FUNC"	]
[ "vararg",	"describe_function",	"DEP_FUNC"	]
[ "varres",	"describe_function",	"DEP_FUNC"	]
#SELECT c.name, tri.name, 'DEP_TRIGGER' from sys.columns as c, sys.objects as tri, sys.dependencies as dep where dep.id = c.id AND dep.depend_id =tri.id AND dep.depend_type = 8 order by c.name, tri.name;
% .c,	.tri,	.%6 # table_name
% name,	name,	%6 # name
% varchar,	varchar,	char # type
% 0,	0,	11 # length
#SELECT v.name, f.name, 'DEP_FUNC' from sys.functions as f, sys.tables as v, sys.dependencies as dep where v.id = dep.id AND f.id = dep.depend_id AND dep.depend_type = 7 AND v.type in (1, 11, 21, 31) ORDER BY v.name, f.name;
% .v,	.f,	.%15 # table_name
% name,	name,	%15 # name
% varchar,	varchar,	char # type
% 0,	0,	8 # length
#SELECT v.name, i.name, 'DEP_INDEX' from sys.tables as v, sys.idxs as i where i.table_id = v.id and i.name not in (select name from sys.keys) and v.type in (1, 11, 21, 31) order by v.name, i.name;
% .v,	.i,	.%20 # table_name
% name,	name,	%20 # name
% varchar,	varchar,	char # type
% 0,	0,	9 # length
#SELECT v.name, tri.name, 'DEP_TRIGGER' from sys.tables as v, sys.objects as tri, sys.dependencies as dep where dep.id = v.id AND dep.depend_id =tri.id AND dep.depend_type = 8 AND v.type in (1, 11, 21, 31) order by v.name, tri.name;
% .v,	.tri,	.%15 # table_name
% name,	name,	%15 # name
% varchar,	varchar,	char # type
% 0,	0,	11 # length
#SELECT f1.name, f2.name, 'DEP_FUNC' from sys.functions as f1, sys.functions as f2, sys.dependencies as dep where f1.id = dep.id AND f2.id = dep.depend_id AND dep.depend_type = 7 ORDER BY f1.name, f2.name;
% sys.f1,	sys.f2,	.%1 # table_name
% name,	name,	%1 # name
% varchar,	varchar,	char # type
% 17,	16,	8 # length
[ "describe_type",	"describe_columns",	"DEP_FUNC"	]
[ "getproj4",	"st_transform",	"DEP_FUNC"	]
[ "internaltransform",	"st_transform",	"DEP_FUNC"	]
[ "ms_trunc",	"ms_round",	"DEP_FUNC"	]
[ "st_geometryn",	"st_patchn",	"DEP_FUNC"	]
[ "st_numgeometries",	"st_numpatches",	"DEP_FUNC"	]
[ "st_srid",	"st_transform",	"DEP_FUNC"	]
#SELECT f.name, tri.name, 'DEP_TRIGGER' from sys.functions as f, sys.objects as tri, sys.dependencies as dep where dep.id = f.id AND dep.depend_id =tri.id AND dep.depend_type = 8 order by f.name, tri.name;
% sys.f,	sys.tri,	.%1 # table_name
% name,	name,	%1 # name
% varchar,	varchar,	char # type
% 0,	0,	11 # length
#SELECT k.name, fk.name, 'DEP_FKEY' from sys.keys as k, sys.keys as fk where fk.rkey = k.id order by k.name, fk.name;
% sys.k,	sys.fk,	.%1 # table_name
% name,	name,	%1 # name
% varchar,	varchar,	char # type
% 0,	0,	8 # length

# 13:01:19 >  
# 13:01:19 >  "Done."
# 13:01:19 >  

