stdout of test 'read_xz` in directory 'common/stream` itself:


# 14:14:05 >  
# 14:14:05 >  "/usr/bin/python3" "read_xz.py" "read_xz"
# 14:14:05 >  


# 18:08:45 >  
# 18:08:45 >  "Done."
# 18:08:45 >  

