stdout of test 'write_xz` in directory 'common/stream` itself:


# 13:18:05 >  
# 13:18:05 >  "/usr/bin/python3" "write_xz.py" "write_xz"
# 13:18:05 >  


# 18:08:53 >  
# 18:08:53 >  "Done."
# 18:08:53 >  

